Accurate result: -6577054380.008039474487304687500000000000
The result obtained as a result of the summation of the power series: -6577054380.008038520812988281250000000000
Accuracy not less than 0.1 percent
