Accurate result: 0.304520293447142653686654512057
The result obtained as a result of the summation of the power series: 0.304520293447142542664352049542
Accuracy not less than 0.1 percent 
