Accurate result: 11013.232874703393463278189301490784
The result obtained as a result of the summation of the power series: 11013.232874703395282267592847347260
Accuracy not less than 0.1 percent
