Accurate result: 17725655913805832156084208200898455028543335950188544.000000000000000000000000000000
The result obtained as a result of the summation of the power series: 17575375248803323457102198970362992573661033114107904.000000000000000000000000000000
Accuracy not less than 0.1 percent
