Accurate result: -1146891579734804977380491264.000000000000000000000000000000
The result obtained as a result of the summation of the power series: -1146891579734805252258398208.000000000000000000000000000000
Accuracy not less than 0.1 percent
